// Jest Snapshot v1, https://goo.gl/fbAQLP

exports[`<UsersDisplay /> handles a loading state 1`] = `
<div>
  Loading
</div>
`;

exports[`<UsersDisplay /> handles an error state 1`] = `
<h1>
  ERROR
</h1>
`;

exports[`<UsersDisplay /> markup for empty users 1`] = `<div />`;

exports[`<UsersDisplay /> markup for one user 1`] = `
<div>
  Loading
</div>
`;

exports[`<UsersDisplay /> markup for one user 2`] = `
<h6>
  admin@example.com
</h6>
`;
